3
12
1
12
4
11
13
15
12
6
12
12
13
4
10
14
13
1
12
3
14
6
13
14
11
15
3
13
12
4
14
10
11
3
14
2
16
14
1
12
13
4
14
5
10
12
13
5
14
14
6
13
7
13
3
12
11
9
13
14
5
6
14
6
13
12
12
1
12
14
7
