Bjarki 18.9
Þórir 22.2
Magnús 24.7
Gunnar 25.4
Jónas 31.1
