35/780
31/430
69/886
35/417
59/595
119/988
128/854
61/385
159/995
30/181
126/623
136/588
205/873
229/959
108/408
32/116
227/796
50/170
258/766
315/887
290/745
140/326
393/879
288/595
114/231
150/289
392/739
417/694
437/723
304/481
407/629
297/444
525/673
507/648
650/796
272/318
504/588
735/851
842/953
517/572
688/754
303/332
895/960
885/863
554/534
889/831
331/263
934/740
425/336
419/323
829/633
369/276
565/418
646/464
961/669
882/578
374/242
408/261
562/351
997/526
760/385
915/448
296/142
924/442
703/320
837/271
412/131
145/46
831/199
875/190
887/173
623/92
755/106
406/55
762/102
610/79
836/83
815/47
494/15
