8/136
44/420
107/409
307/968
187/568
186/467
421/862
155/285
605/973
613/958
636/779
240/281
822/956
778/866
549/606
638/687
610/645
603/557
455/411
648/535
977/713
793/527
879/564
936/538
958/510
238/126
328/153
937/375
972/365
490/155
220/51
478/60
776/90
772/40
770/8
