27/735
159/893
162/664
458/719
431/491
823/896
694/656
981/897
936/769
485/18
