56/825
122/548
173/718
108/400
172/633
281/937
226/742
231/686
309/900
285/803
254/704
287/775
182/469
339/763
348/730
400/737
107/190
331/548
284/440
423/617
684/920
510/658
665/720
671/640
617/577
990/833
772/635
907/724
663/526
428/338
676/533
598/460
871/611
757/496
797/462
456/236
862/440
604/265
603/261
256/101
907/332
353/127
474/130
578/150
504/130
508/129
899/171
687/122
266/28
734/65
583/42
398/27
667/41
405/22
829/41
213/10
450/13
858/18
