75/897
82/662
144/635
210/773
80/293
241/834
180/589
74/218
274/698
216/537
189/460
324/778
171/405
348/795
249/559
460/924
473/948
229/453
392/768
172/286
623/979
583/902
662/980
133/162
477/581
711/838
496/574
669/741
444/429
708/659
561/522
678/630
988/915
1000/914
656/584
368/325
935/813
536/401
896/652
235/171
382/277
898/646
976/698
700/496
977/670
467/313
587/372
626/385
465/265
668/365
546/291
573/301
857/433
923/464
889/410
969/415
664/282
940/376
415/145
571/187
665/179
576/155
708/183
447/98
610/111
841/141
746/123
856/127
645/83
928/118
80/7
193/16
528/38
146/4
