75/799
176/433
365/393
979/993
797/795
264/236
963/691
642/246
921/216
598/133
681/29
