4/840
1/200
10/289
24/365
83/978
21/133
41/222
200/888
206/832
276/838
295/872
361/807
375/790
320/646
481/970
488/983
68/136
349/629
328/420
544/680
104/124
636/643
338/328
516/436
957/756
510/372
835/587
587/344
434/235
608/273
852/369
838/362
948/287
646/155
314/68
967/199
999/197
897/175
730/118
358/43
814/51
