Max: -2
Min: -492
Average: -259.08

Max: -6
Min: -495
Average: -242.35

Max: 0
Min: -487
Average: -241.80

Max: -9
Min: -495
Average: -237.28

Max: -26
Min: -481
Average: -240.04

Max: -11
Min: -500
Average: -239.90

Max: -15
Min: -497
Average: -245.72

Max: -19
Min: -486
Average: -245.10

Max: -5
Min: -498
Average: -247.86

Max: -8
Min: -485
Average: -230.28
