Max: 198
Min: -199
Average: 7.68

Max: 196
Min: -197
Average: -26.61

Max: 183
Min: -199
Average: -15.44

Max: 196
Min: -192
Average: 25.34

Max: 196
Min: -197
Average: 12.26

Max: 198
Min: -198
Average: -23.50

Max: 188
Min: -167
Average: -5.61

Max: -73
Min: -187
Average: -135.33

Max: 193
Min: -183
Average: 18.65

Max: 199
Min: -200
Average: -3.60

Max: 200
Min: -170
Average: 53.80

Max: 184
Min: -185
Average: -2.90

Max: 190
Min: -194
Average: -1.76

Max: 196
Min: -198
Average: 1.78

Max: 177
Min: -154
Average: -4.40

Max: 193
Min: -88
Average: 1.89

Max: 6
Min: -64
Average: -20.00

Max: 197
Min: -167
Average: 34.77

Max: 197
Min: -196
Average: -4.53

Max: 178
Min: -189
Average: -18.00

Max: 198
Min: -196
Average: -5.46

Max: 195
Min: -197
Average: 10.05

Max: 199
Min: -199
Average: -6.38

Max: 200
Min: -172
Average: 14.45

Max: 199
Min: -193
Average: -17.27

Max: 199
Min: -200
Average: -15.24

Max: 197
Min: -195
Average: -16.39

Max: 194
Min: -183
Average: -10.61

Max: 156
Min: -181
Average: 17.86

Max: 196
Min: -178
Average: 25.75

Max: 192
Min: -190
Average: -10.73

Max: 189
Min: -192
Average: 1.11

Max: 200
Min: -194
Average: -6.78

Max: 192
Min: -198
Average: 8.85

Max: 196
Min: -189
Average: 18.02

Max: 197
Min: -199
Average: -36.92

Max: 197
Min: -155
Average: 15.18

Max: 197
Min: -194
Average: -7.44

Max: 199
Min: -187
Average: -23.65

Max: 184
Min: -198
Average: -12.91

Max: 200
Min: -175
Average: 29.24

Max: 196
Min: -192
Average: -6.33

Max: 185
Min: -198
Average: -1.92

Max: 198
Min: -200
Average: 3.01

Max: 97
Min: 97
Average: 97.00

Max: 198
Min: -195
Average: 12.17

Max: 190
Min: -186
Average: -18.84

Max: 196
Min: -200
Average: -16.13

Max: 196
Min: -191
Average: 3.32

Max: 167
Min: -179
Average: -8.44

Max: 159
Min: -144
Average: 6.00

Max: 196
Min: -190
Average: -3.63

Max: 197
Min: -200
Average: 10.57

Max: 192
Min: -180
Average: 12.44

Max: 196
Min: -188
Average: 6.24

Max: 195
Min: -195
Average: -23.97

Max: 192
Min: -189
Average: -2.20

Max: 200
Min: -194
Average: 0.87

Max: 195
Min: -197
Average: 1.60

Max: 199
Min: -200
Average: -12.64

Max: 199
Min: -200
Average: -19.18

Max: 191
Min: -199
Average: -2.81

Max: 195
Min: -198
Average: -25.53

Max: 184
Min: -188
Average: -3.40

Max: 191
Min: -138
Average: 12.21

Max: 190
Min: -187
Average: -4.39

Max: 168
Min: -185
Average: -23.58

Max: 192
Min: -110
Average: 24.50

Max: 199
Min: -199
Average: -3.96

Max: 200
Min: -200
Average: -6.25

Max: 197
Min: -188
Average: 3.08

Max: 198
Min: -194
Average: -7.59

Max: 6
Min: -128
Average: -75.80

Max: 198
Min: -177
Average: 1.09

Max: 195
Min: -188
Average: -25.50

Max: 197
Min: -198
Average: 11.58

Max: 195
Min: -200
Average: -25.59

Max: 105
Min: -161
Average: -44.22

Max: 199
Min: -185
Average: 32.61

Max: 189
Min: -194
Average: 9.15

Max: 198
Min: -199
Average: -12.82

Max: 195
Min: -200
Average: 17.82

Max: 193
Min: -198
Average: 12.30

Max: 200
Min: -50
Average: 69.25

Max: 188
Min: -192
Average: -11.77

Max: 194
Min: -180
Average: 24.10

Max: 191
Min: -190
Average: -15.89

Max: 171
Min: -178
Average: 7.76

Max: 199
Min: -199
Average: -2.50

Max: 200
Min: -192
Average: 13.18

Max: 138
Min: -60
Average: 30.67

Max: 200
Min: -196
Average: -8.26

Max: 196
Min: -187
Average: -6.51

Max: 195
Min: -196
Average: -6.21

Max: 198
Min: -199
Average: 11.39

Max: 190
Min: -194
Average: -0.88

Max: 197
Min: -200
Average: 7.51

Max: 193
Min: -189
Average: -13.81

Max: 194
Min: -200
Average: -23.31

Max: 198
Min: -194
Average: 28.07
