   16   15   14   13   12
   17    4    3    2   11
   18    5    0    1   10
   19    6    7    8    9
   20   21   22   23   24
