            s 4
       w r i   2
      s e       .
 h   n
T e a

