             9 9   8 6 6
      9 6   8 7 3 3 4 2 4  8   9   88
   4 5 2 5 5     2       33 3 7 5 2  4 9   9
3 1 1     3                  2   0    1 7 6 3
 .                                       1
