tf
eo
sr
tr
 i
 t
 u
 n
 a
 r
 k
 e
 p
 p
 n
 i
 n
