3720 gengur 0 sinnum upp Ã­ 3719
Afgangur er 3719
