Hello ``test'' 123 meow moo meow ``x'', ``''.
``Test aoetnn aaoetnh'', aeonth ``a''.
