00:11:12 1.42 km
00:16:18 2.36 km
00:38:50 39.82 km
00:46:04 50.67 km
01:02:11 75.60 km
01:07:27 90.08 km
01:31:52 131.81 km
01:38:02 139.82 km
01:47:36 147.27 km
01:52:26 149.28 km
01:56:58 151.17 km
02:08:44 158.10 km
02:09:47 159.08 km
02:24:18 175.68 km
02:31:56 196.55 km
02:36:34 210.33 km
03:18:19 260.35 km
03:28:33 277.79 km
03:34:11 287.86 km
03:36:12 291.18 km
03:41:26 302.53 km
03:47:03 316.76 km
03:47:14 317.22 km
03:55:17 337.61 km
04:00:37 351.13 km
04:07:22 368.23 km
04:15:16 388.24 km
04:18:21 396.05 km
04:26:05 415.64 km
04:29:09 423.41 km
04:34:23 436.67 km
04:37:17 444.01 km
04:49:07 467.10 km
04:54:41 476.09 km
04:59:23 483.69 km
05:33:39 540.06 km
05:42:45 552.06 km
05:52:42 575.89 km
05:58:05 589.98 km
06:05:05 608.29 km
06:07:47 615.36 km
06:12:40 623.25 km
06:14:36 626.08 km
06:17:27 630.26 km
06:21:19 635.93 km
06:48:10 673.84 km
06:50:55 678.74 km
06:56:57 689.50 km
07:02:23 702.69 km
07:08:37 720.77 km
07:14:48 738.70 km
07:38:34 772.31 km
07:42:19 772.93 km
07:51:13 774.54 km
07:52:32 774.78 km
07:58:50 775.93 km
08:02:46 776.65 km
08:08:16 777.66 km
08:11:12 778.20 km
08:25:17 796.32 km
08:44:28 826.07 km
08:52:06 850.12 km
09:09:52 874.11 km
09:27:28 909.97 km
09:35:14 926.92 km
09:41:42 941.04 km
09:47:25 952.69 km
09:50:38 954.51 km
09:58:18 971.63 km
10:06:28 981.03 km
10:13:07 1000.65 km
10:28:04 1032.27 km
10:32:34 1040.55 km
10:33:38 1040.69 km
10:50:24 1060.45 km
10:57:33 1068.32 km
11:05:23 1076.93 km
11:17:42 1092.91 km
11:23:42 1103.49 km
11:28:12 1112.42 km
11:31:20 1118.63 km
11:32:21 1120.65 km
11:33:09 1122.23 km
11:54:18 1154.18 km
12:11:24 1187.64 km
12:22:14 1217.01 km
12:31:06 1232.27 km
12:49:38 1261.31 km
12:50:47 1262.69 km
13:05:47 1287.38 km
13:11:48 1292.17 km
13:15:03 1295.80 km
13:21:25 1309.17 km
13:29:26 1312.36 km
13:37:39 1312.90 km
13:45:35 1313.43 km
13:49:16 1313.68 km
13:54:36 1327.89 km
14:08:13 1361.17 km
14:18:47 1372.27 km
14:19:57 1373.05 km
14:25:41 1376.87 km
14:27:55 1378.36 km
14:31:51 1381.89 km
14:34:19 1387.77 km
14:42:27 1398.33 km
14:49:44 1413.61 km
14:55:12 1421.81 km
15:05:55 1438.21 km
15:23:59 1471.96 km
15:26:32 1478.29 km
15:28:23 1482.88 km
15:36:53 1491.60 km
15:39:44 1492.31 km
15:44:05 1499.90 km
15:50:12 1506.32 km
15:53:19 1510.16 km
16:00:06 1518.53 km
16:05:41 1525.42 km
16:05:49 1525.58 km
16:18:12 1533.74 km
16:19:14 1533.95 km
16:27:37 1542.26 km
16:29:56 1547.20 km
16:30:49 1549.09 km
16:34:50 1557.66 km
16:39:34 1567.76 km
16:42:38 1574.30 km
16:49:54 1589.80 km
17:02:59 1608.32 km
17:12:07 1624.03 km
17:14:29 1624.81 km
17:20:50 1626.93 km
17:21:55 1627.29 km
17:40:43 1647.61 km
17:44:40 1649.19 km
17:45:28 1649.51 km
17:56:39 1664.06 km
17:57:06 1664.97 km
18:21:36 1714.83 km
18:24:53 1717.23 km
18:37:06 1727.17 km
18:39:23 1729.91 km
18:48:29 1739.74 km
18:55:02 1745.64 km
19:02:58 1747.48 km
19:08:17 1747.84 km
