00:05:10 0.00 km
00:12:24 0.00 km
00:40:42 39.54 km
00:41:42 42.03 km
00:43:34 47.20 km
01:12:34 104.87 km
01:19:30 109.66 km
01:19:56 110.55 km
01:27:13 118.57 km
01:42:33 128.77 km
01:54:48 138.37 km
02:07:33 162.28 km
