00:03:49 0.00 km
00:05:46 0.00 km
00:16:38 2.25 km
00:27:43 17.71 km
00:31:47 25.37 km
00:37:16 35.70 km
00:42:39 45.84 km
00:46:02 52.21 km
00:53:17 64.80 km
01:01:23 80.33 km
01:10:22 94.84 km
01:11:05 95.66 km
01:15:52 101.16 km
01:24:24 110.42 km
01:30:11 117.84 km
01:36:19 125.71 km
01:38:57 129.09 km
01:42:02 133.05 km
01:48:45 141.67 km
01:50:53 148.57 km
02:05:55 193.72 km
02:09:36 205.26 km
02:26:04 249.38 km
02:41:25 290.44 km
02:51:01 314.77 km
02:55:02 318.70 km
03:07:19 340.02 km
03:15:13 345.82 km
03:24:54 366.28 km
04:08:02 453.19 km
04:23:35 465.36 km
04:28:08 479.19 km
04:30:24 486.44 km
04:33:03 494.92 km
04:35:27 502.60 km
04:40:21 518.28 km
04:44:35 531.83 km
04:47:26 540.95 km
04:53:15 559.56 km
05:01:18 585.32 km
05:06:32 598.40 km
05:16:40 626.57 km
05:25:07 651.49 km
05:30:15 667.83 km
05:30:38 669.05 km
05:41:00 698.88 km
05:44:02 705.60 km
05:51:33 722.26 km
05:59:42 740.02 km
06:08:34 758.90 km
06:16:14 771.68 km
06:16:31 772.15 km
06:28:47 799.19 km
06:32:00 805.99 km
