00:06:21 0.00 km
00:17:29 6.49 km
00:19:13 9.44 km
00:35:27 39.03 km
00:49:55 75.71 km
00:58:05 88.51 km
01:10:28 110.69 km
01:16:44 124.68 km
01:49:02 180.04 km
01:54:28 184.93 km
01:54:47 185.21 km
02:10:44 199.42 km
02:12:47 200.79 km
02:21:42 211.61 km
02:25:22 219.62 km
02:30:46 231.41 km
02:42:39 245.77 km
02:45:27 247.07 km
02:47:20 247.95 km
02:51:51 250.06 km
02:59:10 253.94 km
03:10:15 270.37 km
03:16:14 281.66 km
03:36:57 331.98 km
03:41:28 340.15 km
03:43:46 343.76 km
03:58:37 377.26 km
03:59:46 380.69 km
04:02:52 389.94 km
04:22:49 447.32 km
04:26:39 453.39 km
04:31:52 461.65 km
04:37:33 470.65 km
04:49:39 496.44 km
04:59:13 520.01 km
05:03:58 529.09 km
05:08:27 541.20 km
05:14:43 558.12 km
05:16:45 563.61 km
05:22:40 580.75 km
05:34:57 610.08 km
05:46:14 640.73 km
05:48:59 646.09 km
06:00:03 661.53 km
06:11:52 672.74 km
06:19:11 677.61 km
06:27:07 682.90 km
06:41:26 697.56 km
06:47:50 716.34 km
07:00:50 747.40 km
07:08:16 766.93 km
07:18:00 793.04 km
07:28:02 817.43 km
07:31:01 824.40 km
07:35:02 833.77 km
07:49:59 865.23 km
08:24:28 909.21 km
08:28:23 913.46 km
08:30:08 915.35 km
08:41:38 936.09 km
09:05:12 973.66 km
09:08:34 976.30 km
09:37:24 1032.62 km
09:50:02 1052.80 km
09:51:23 1055.77 km
09:52:15 1057.68 km
09:55:36 1065.05 km
10:10:43 1086.69 km
10:23:06 1099.94 km
10:43:06 1111.59 km
10:43:37 1111.65 km
10:44:23 1111.74 km
10:49:46 1112.37 km
10:55:40 1113.06 km
10:59:17 1113.48 km
11:07:31 1133.49 km
11:19:40 1168.39 km
11:33:30 1193.97 km
11:35:32 1196.03 km
12:02:04 1239.82 km
12:02:50 1241.18 km
12:13:45 1256.16 km
12:20:16 1257.57 km
12:26:51 1258.99 km
12:31:21 1264.49 km
12:35:02 1269.71 km
12:35:57 1271.01 km
12:42:26 1280.19 km
12:51:36 1296.49 km
13:14:17 1346.66 km
13:19:40 1354.56 km
13:27:39 1368.27 km
13:34:51 1383.03 km
13:42:35 1398.88 km
13:44:16 1402.33 km
13:45:29 1404.83 km
13:51:26 1417.03 km
13:58:51 1432.23 km
14:17:36 1459.08 km
14:44:28 1517.91 km
15:00:48 1542.81 km
15:21:00 1586.97 km
15:26:48 1603.11 km
15:31:13 1615.41 km
15:33:02 1620.46 km
15:41:06 1642.91 km
16:02:22 1677.25 km
16:10:04 1684.56 km
16:15:07 1689.36 km
16:19:09 1693.19 km
16:27:56 1702.63 km
16:33:17 1709.49 km
16:39:38 1711.39 km
16:45:49 1711.70 km
16:49:55 1711.91 km
16:53:34 1712.09 km
17:01:37 1712.49 km
17:07:45 1715.14 km
17:11:23 1720.53 km
17:14:14 1724.76 km
17:23:24 1737.77 km
17:34:01 1746.02 km
17:47:06 1764.48 km
17:50:37 1773.51 km
17:55:26 1779.93 km
18:00:18 1790.31 km
18:04:20 1802.81 km
18:15:24 1828.94 km
18:22:51 1841.85 km
18:28:39 1853.97 km
18:31:49 1862.25 km
18:37:45 1873.57 km
18:42:28 1879.70 km
18:48:02 1886.93 km
18:51:40 1891.66 km
18:59:48 1905.81 km
19:07:40 1925.87 km
19:42:05 1997.97 km
19:56:48 2017.75 km
19:59:52 2019.03 km
20:15:15 2050.59 km
20:30:18 2096.74 km
20:38:15 2109.60 km
20:39:50 2110.34 km
21:03:48 2153.74 km
