00:07:19 0.00 km
00:17:05 6.52 km
00:32:56 33.39 km
00:35:03 37.94 km
00:38:47 45.97 km
00:40:09 48.91 km
00:57:16 85.87 km
01:01:08 94.57 km
01:01:58 96.45 km
01:04:29 102.11 km
01:10:32 117.26 km
01:17:42 136.38 km
01:22:58 150.42 km
01:28:14 164.47 km
01:38:17 180.00 km
01:49:25 196.50 km
01:53:55 206.63 km
02:12:18 249.23 km
02:14:09 253.64 km
02:18:40 264.40 km
02:31:02 280.77 km
02:41:32 291.12 km
03:02:01 328.10 km
03:06:09 333.89 km
03:16:57 345.76 km
03:31:15 357.18 km
03:35:03 361.74 km
03:55:49 388.34 km
04:03:28 396.25 km
04:04:19 397.13 km
04:10:39 403.39 km
04:20:31 413.19 km
04:24:42 423.93 km
04:29:29 436.21 km
04:37:40 457.21 km
04:42:04 463.37 km
04:46:27 468.28 km
04:52:32 473.25 km
05:00:18 479.59 km
05:16:22 523.98 km
05:18:55 531.17 km
05:29:23 551.21 km
05:32:50 555.41 km
05:38:57 562.85 km
05:43:08 567.94 km
05:46:03 571.86 km
05:48:19 575.56 km
06:00:01 599.04 km
06:00:20 599.75 km
06:03:17 606.33 km
06:18:30 630.18 km
06:27:58 642.27 km
06:34:15 650.86 km
06:43:30 660.95 km
06:43:43 661.57 km
06:45:05 665.47 km
07:16:47 735.64 km
07:23:13 742.50 km
07:47:19 801.05 km
07:53:23 812.88 km
07:57:38 821.17 km
08:03:06 831.83 km
08:08:13 841.80 km
08:14:59 855.00 km
08:15:02 855.10 km
08:27:12 877.90 km
08:32:56 889.59 km
08:37:32 903.85 km
08:45:21 928.08 km
08:50:44 942.33 km
08:54:33 948.95 km
08:59:59 958.37 km
09:25:01 1002.62 km
09:34:42 1025.42 km
09:43:38 1046.98 km
09:51:20 1070.46 km
09:54:59 1081.59 km
10:05:35 1107.74 km
10:13:42 1126.81 km
10:16:01 1132.26 km
10:37:11 1176.74 km
10:50:29 1199.14 km
10:50:52 1199.51 km
10:58:59 1207.35 km
11:05:08 1213.30 km
11:10:45 1218.73 km
11:15:14 1227.60 km
11:17:45 1227.72 km
11:23:59 1228.04 km
11:25:05 1228.09 km
11:31:11 1228.40 km
11:54:10 1242.51 km
12:17:13 1253.98 km
12:22:41 1256.25 km
12:34:37 1265.11 km
12:43:57 1273.01 km
12:52:20 1282.92 km
13:06:26 1308.50 km
13:09:17 1310.31 km
13:17:36 1315.58 km
13:20:40 1317.52 km
13:23:38 1319.40 km
13:30:42 1323.87 km
14:06:09 1379.07 km
14:08:09 1382.29 km
14:26:55 1405.53 km
14:33:04 1414.72 km
14:36:16 1425.33 km
14:40:59 1440.97 km
14:49:47 1450.01 km
15:12:04 1477.20 km
15:20:18 1503.82 km
15:25:42 1514.15 km
15:41:38 1535.80 km
15:49:08 1551.50 km
16:04:37 1595.21 km
16:10:05 1611.30 km
16:11:02 1614.34 km
16:17:36 1635.35 km
16:22:54 1637.74 km
16:30:47 1641.16 km
16:33:23 1642.28 km
16:36:07 1643.47 km
16:41:45 1648.69 km
16:45:59 1659.94 km
16:52:56 1680.44 km
17:07:30 1707.41 km
17:19:29 1727.65 km
17:31:35 1753.68 km
17:39:54 1767.68 km
17:46:01 1777.97 km
17:56:37 1795.14 km
18:03:27 1805.16 km
18:11:30 1816.97 km
18:19:40 1826.01 km
18:25:29 1827.46 km
18:33:49 1829.54 km
18:51:55 1845.88 km
18:58:30 1847.31 km
19:06:23 1860.24 km
19:10:29 1873.39 km
19:17:34 1896.41 km
19:19:25 1902.42 km
19:37:28 1951.57 km
19:42:06 1958.37 km
19:48:30 1967.11 km
19:52:16 1972.48 km
19:58:26 1987.17 km
20:08:57 2008.88 km
20:22:25 2035.61 km
20:26:08 2042.55 km
20:39:15 2054.88 km
20:41:00 2056.14 km
21:04:38 2079.36 km
21:05:13 2079.75 km
21:20:56 2094.88 km
21:28:45 2105.44 km
21:52:38 2136.42 km
21:57:51 2138.68 km
22:01:40 2140.33 km
22:01:41 2140.34 km
22:04:00 2141.35 km
22:19:19 2163.59 km
22:27:43 2181.61 km
22:34:06 2183.84 km
22:50:57 2209.93 km
23:03:23 2224.83 km
23:16:44 2264.54 km
23:19:28 2271.64 km
23:28:16 2289.54 km
23:29:26 2291.08 km
23:33:36 2296.56 km
23:44:22 2315.01 km
23:59:47 2350.39 km
24:08:42 2361.44 km
24:14:28 2366.06 km
24:15:17 2366.71 km
24:39:49 2424.24 km
24:42:18 2431.28 km
24:52:48 2451.74 km
24:56:43 2453.95 km
24:57:48 2454.57 km
25:04:22 2467.24 km
25:09:56 2478.00 km
25:18:05 2493.76 km
