00:01:33 0.06 km
00:13:22 6.38 km
00:19:57 22.62 km
00:48:34 74.36 km
00:52:32 80.45 km
01:00:39 97.76 km
01:03:30 103.98 km
01:22:24 150.38 km
01:32:18 164.63 km
01:36:31 174.05 km
01:52:58 217.91 km
01:55:02 221.94 km
01:56:05 223.99 km
02:05:24 241.95 km
02:19:22 278.33 km
02:32:40 294.41 km
02:44:29 326.90 km
02:52:33 348.14 km
02:56:53 359.55 km
03:04:39 364.44 km
03:21:50 388.47 km
03:30:02 401.32 km
03:36:27 411.37 km
03:40:19 417.43 km
03:40:48 418.19 km
03:43:19 422.13 km
03:43:53 423.02 km
04:12:24 459.89 km
04:23:25 480.72 km
04:33:34 493.03 km
04:47:44 500.05 km
05:09:34 520.05 km
05:11:36 524.69 km
05:30:14 564.52 km
05:44:21 595.83 km
05:58:52 613.82 km
06:16:58 648.37 km
06:25:01 664.20 km
06:51:19 699.62 km
06:54:42 700.07 km
07:01:15 700.94 km
07:11:16 709.32 km
07:19:01 731.66 km
07:40:08 762.67 km
07:52:09 764.40 km
08:00:16 766.70 km
08:10:59 784.21 km
08:14:20 792.75 km
08:24:53 822.70 km
08:36:28 843.68 km
08:42:28 848.12 km
08:45:33 851.30 km
08:52:14 858.21 km
09:26:02 907.15 km
09:31:31 918.94 km
09:39:52 934.26 km
09:45:56 940.96 km
09:54:05 947.75 km
09:58:08 951.13 km
10:02:14 954.54 km
10:03:36 955.68 km
10:03:41 955.75 km
10:06:27 960.90 km
10:07:19 963.70 km
10:25:18 1004.74 km
10:33:20 1018.00 km
10:41:11 1030.46 km
10:48:43 1042.39 km
11:06:22 1076.54 km
11:18:03 1084.48 km
11:25:25 1089.27 km
11:37:42 1098.72 km
11:55:03 1116.97 km
12:03:36 1141.89 km
12:08:39 1157.63 km
12:10:02 1161.94 km
12:22:32 1191.31 km
12:51:26 1247.31 km
12:59:27 1249.32 km
13:02:59 1250.20 km
13:10:41 1267.46 km
13:29:10 1299.77 km
13:29:37 1300.32 km
13:39:17 1306.78 km
13:43:22 1308.14 km
13:49:29 1310.18 km
14:04:16 1315.55 km
14:15:22 1334.47 km
14:19:18 1336.00 km
14:24:32 1337.31 km
14:28:14 1338.24 km
14:28:40 1338.34 km
14:46:39 1350.35 km
14:52:28 1365.42 km
15:06:25 1393.96 km
15:13:35 1403.26 km
15:14:23 1405.37 km
15:19:15 1418.18 km
15:21:36 1424.37 km
15:30:38 1450.90 km
15:36:55 1467.55 km
15:38:09 1470.81 km
15:45:45 1490.95 km
15:51:21 1505.79 km
15:54:40 1514.58 km
16:03:29 1533.42 km
16:08:14 1544.78 km
16:08:38 1545.96 km
16:11:33 1554.56 km
16:26:56 1575.27 km
16:37:02 1582.74 km
16:47:39 1582.80 km
17:02:15 1604.35 km
17:05:11 1611.15 km
17:14:05 1631.32 km
17:16:59 1637.31 km
17:22:58 1649.68 km
17:30:55 1661.56 km
17:44:06 1680.32 km
17:46:00 1685.86 km
17:47:06 1689.07 km
17:48:29 1693.10 km
18:02:51 1713.82 km
18:06:22 1714.23 km
18:07:15 1714.33 km
18:13:38 1715.07 km
18:35:43 1754.05 km
18:37:25 1759.04 km
18:38:57 1763.53 km
18:42:08 1772.87 km
18:42:58 1775.32 km
18:48:23 1791.20 km
19:04:24 1804.06 km
19:09:47 1805.41 km
19:18:04 1812.19 km
19:23:50 1822.90 km
19:29:38 1828.03 km
19:44:15 1837.14 km
19:44:28 1837.33 km
19:44:29 1837.35 km
19:51:31 1843.56 km
19:57:40 1848.99 km
20:10:18 1862.44 km
20:13:52 1867.01 km
20:24:12 1875.12 km
20:24:42 1875.23 km
20:28:55 1876.06 km
20:42:47 1899.28 km
20:49:46 1907.66 km
20:57:14 1917.10 km
21:03:39 1930.58 km
21:08:39 1936.55 km
21:29:17 1970.07 km
21:29:21 1970.28 km
21:33:55 1984.28 km
21:35:36 1989.44 km
21:46:47 2016.76 km
21:50:26 2019.01 km
21:52:51 2019.74 km
22:03:57 2039.45 km
22:04:49 2042.16 km
22:11:22 2062.57 km
23:07:53 2181.69 km
23:09:55 2187.86 km
23:20:18 2214.98 km
23:25:17 2224.11 km
23:29:30 2231.84 km
23:55:56 2271.88 km
24:02:42 2283.27 km
24:27:16 2322.51 km
24:29:29 2325.95 km
24:34:00 2332.95 km
24:36:46 2337.23 km
24:39:32 2341.52 km
24:40:16 2342.66 km
24:48:33 2355.50 km
24:50:10 2358.00 km
24:54:39 2364.95 km
24:56:35 2367.95 km
24:59:12 2372.01 km
25:19:34 2396.12 km
25:20:02 2396.64 km
25:31:44 2418.08 km
25:33:02 2420.83 km
25:49:11 2446.37 km
25:53:44 2450.92 km
25:55:17 2451.83 km
26:00:19 2452.58 km
26:09:49 2454.39 km
26:16:13 2463.45 km
26:31:13 2485.56 km
26:37:22 2495.50 km
26:38:12 2496.85 km
26:41:35 2506.13 km
26:42:27 2508.85 km
26:42:59 2510.52 km
26:56:42 2552.42 km
27:12:53 2576.40 km
27:25:08 2594.93 km
27:47:14 2637.68 km
27:50:36 2642.84 km
27:52:11 2645.27 km
28:02:23 2657.72 km
28:18:49 2683.60 km
28:19:21 2684.55 km
28:28:21 2705.20 km
28:42:05 2719.04 km
28:54:44 2744.76 km
28:56:42 2751.28 km
28:57:20 2753.38 km
