00:05:57 0.00 km
00:07:19 0.00 km
00:20:54 16.19 km
00:41:15 52.71 km
00:47:16 58.87 km
00:54:29 61.40 km
01:01:12 63.75 km
01:17:31 78.92 km
01:22:05 81.24 km
01:26:20 90.36 km
01:36:15 115.91 km
01:43:40 123.82 km
01:49:51 130.41 km
02:01:27 145.17 km
02:05:47 151.16 km
02:09:11 152.64 km
02:15:12 154.05 km
02:22:48 155.82 km
02:23:59 156.10 km
02:27:41 156.96 km
02:35:15 158.73 km
02:37:02 159.14 km
02:44:50 160.96 km
02:50:56 162.97 km
02:57:26 165.14 km
03:09:51 175.48 km
03:21:04 186.36 km
03:30:46 206.93 km
03:37:20 223.14 km
03:49:22 233.70 km
03:54:42 243.12 km
03:58:16 249.42 km
04:03:11 258.11 km
04:07:13 265.24 km
04:30:23 313.99 km
04:31:21 316.18 km
04:46:12 351.42 km
04:47:20 354.23 km
04:52:38 367.39 km
04:54:44 372.47 km
05:16:14 420.26 km
05:18:16 425.68 km
05:19:14 428.26 km
05:30:50 457.07 km
05:30:53 457.15 km
05:34:22 463.13 km
05:46:56 494.11 km
05:53:57 504.61 km
05:58:45 507.56 km
06:02:40 510.56 km
06:10:02 516.32 km
06:18:46 526.10 km
06:22:04 533.31 km
06:30:54 544.16 km
06:33:19 545.97 km
06:42:46 548.78 km
06:48:48 549.89 km
07:00:08 551.89 km
07:03:12 552.50 km
07:33:45 611.02 km
07:35:25 615.82 km
07:47:20 640.43 km
07:50:45 642.60 km
07:56:11 646.04 km
08:05:43 661.20 km
08:13:21 666.29 km
08:14:01 666.73 km
08:14:12 666.86 km
08:19:25 670.33 km
08:32:35 690.27 km
08:45:01 703.16 km
08:46:18 703.57 km
08:53:53 705.97 km
09:00:01 707.91 km
09:03:18 708.95 km
09:06:07 709.84 km
09:07:11 710.18 km
09:19:17 737.86 km
09:27:30 753.26 km
09:31:26 760.73 km
09:35:58 769.35 km
09:51:50 788.04 km
10:09:04 815.79 km
10:21:36 841.46 km
10:28:19 842.35 km
10:36:14 843.41 km
10:39:44 843.87 km
10:43:57 844.44 km
10:49:25 845.16 km
10:57:06 852.63 km
11:10:34 864.57 km
11:17:04 875.08 km
11:21:46 882.67 km
11:25:07 887.89 km
11:32:11 897.90 km
11:37:57 906.07 km
11:43:53 914.48 km
11:50:24 923.71 km
11:57:07 935.04 km
11:59:57 941.75 km
12:14:44 968.21 km
12:30:54 978.73 km
12:42:02 992.34 km
12:48:39 1003.25 km
12:56:32 1016.26 km
13:06:28 1029.21 km
13:09:26 1029.85 km
13:20:04 1033.18 km
13:29:22 1034.84 km
13:33:17 1035.17 km
13:43:22 1056.47 km
13:48:07 1058.77 km
14:00:42 1071.60 km
14:08:33 1089.65 km
14:23:08 1118.38 km
14:27:35 1127.23 km
14:33:04 1143.13 km
14:50:18 1187.44 km
14:57:46 1208.85 km
15:03:59 1226.67 km
15:12:09 1232.10 km
15:21:11 1236.19 km
15:25:05 1238.53 km
15:30:48 1241.96 km
15:33:15 1243.43 km
15:35:51 1244.99 km
16:00:31 1259.19 km
16:14:24 1275.30 km
16:22:41 1286.20 km
16:23:07 1286.77 km
16:50:02 1319.23 km
17:02:05 1339.79 km
17:09:06 1340.25 km
17:21:55 1347.06 km
17:31:25 1353.71 km
17:38:05 1361.17 km
17:41:21 1368.96 km
17:47:50 1384.41 km
17:49:39 1388.74 km
17:52:41 1395.72 km
17:58:22 1405.27 km
18:14:54 1427.07 km
18:16:11 1428.56 km
18:26:06 1447.21 km
18:27:43 1450.77 km
18:34:17 1465.21 km
18:50:40 1491.73 km
18:53:33 1496.29 km
19:00:55 1510.48 km
19:02:03 1513.16 km
19:05:39 1521.05 km
19:12:48 1532.91 km
19:26:19 1559.96 km
19:34:52 1583.48 km
19:48:12 1618.59 km
20:00:45 1652.47 km
20:21:41 1704.29 km
20:33:08 1738.44 km
20:37:32 1751.32 km
20:43:18 1769.38 km
20:51:52 1791.50 km
20:59:21 1809.55 km
21:12:43 1843.53 km
21:26:58 1865.94 km
21:42:54 1889.76 km
21:46:24 1900.08 km
21:53:18 1921.12 km
21:56:27 1930.73 km
22:07:39 1956.36 km
22:12:30 1966.22 km
22:27:43 1998.52 km
22:32:17 2000.58 km
22:34:07 2001.40 km
22:41:56 2004.92 km
22:49:12 2010.60 km
23:01:44 2028.85 km
23:02:07 2028.97 km
23:05:41 2030.16 km
23:13:40 2040.27 km
23:19:20 2053.20 km
23:28:44 2076.40 km
23:49:51 2136.61 km
23:57:20 2152.32 km
24:03:53 2166.65 km
24:09:28 2177.29 km
24:14:32 2179.48 km
24:14:48 2179.60 km
24:22:12 2182.80 km
24:22:50 2183.08 km
24:25:23 2184.18 km
24:28:54 2185.71 km
24:35:34 2190.08 km
24:36:44 2191.05 km
24:48:18 2204.12 km
24:51:10 2211.19 km
24:54:41 2219.86 km
24:58:38 2228.72 km
24:59:41 2230.80 km
25:09:57 2252.46 km
25:14:33 2261.78 km
25:21:42 2268.56 km
25:31:06 2286.60 km
25:39:44 2301.90 km
25:47:47 2306.78 km
25:54:13 2310.64 km
26:03:31 2326.86 km
26:05:21 2330.37 km
26:06:51 2333.25 km
26:29:18 2373.02 km
26:30:30 2374.02 km
26:38:31 2396.93 km
26:42:10 2407.39 km
26:46:37 2420.15 km
26:59:16 2453.12 km
27:07:19 2471.76 km
27:35:04 2528.69 km
27:37:58 2534.88 km
27:41:26 2542.27 km
27:50:35 2568.85 km
27:55:18 2578.75 km
28:06:24 2591.55 km
28:08:07 2592.55 km
28:38:29 2638.50 km
28:43:17 2654.50 km
28:50:17 2659.96 km
29:04:33 2685.14 km
29:12:54 2695.72 km
29:25:02 2706.10 km
29:32:19 2714.18 km
29:40:21 2720.88 km
29:55:14 2743.04 km
29:57:29 2746.29 km
30:09:14 2759.43 km
30:31:26 2781.30 km
30:40:10 2786.71 km
30:53:00 2814.65 km
31:03:22 2843.11 km
31:28:05 2904.31 km
31:31:19 2910.83 km
31:57:52 2950.25 km
32:10:44 2952.67 km
32:25:12 2975.65 km
32:29:08 2982.21 km
32:35:40 2993.10 km
32:41:05 3002.12 km
32:57:13 3032.19 km
33:05:46 3044.93 km
33:12:25 3055.56 km
33:20:27 3080.28 km
33:44:17 3133.77 km
33:48:29 3143.08 km
34:04:18 3170.86 km
34:05:03 3171.58 km
34:13:03 3179.18 km
34:13:04 3179.19 km
34:16:22 3182.33 km
34:30:34 3206.26 km
34:35:55 3219.73 km
34:38:02 3225.06 km
34:41:30 3233.78 km
