00:13:37 23.21 km
00:21:38 46.86 km
00:42:03 82.52 km
00:48:13 89.13 km
01:15:51 140.71 km
01:22:34 149.05 km
01:28:31 160.95 km
01:43:28 182.34 km
01:47:13 186.77 km
01:56:05 201.27 km
02:01:48 206.79 km
02:09:59 214.70 km
02:39:41 264.54 km
02:41:08 266.67 km
02:44:44 271.95 km
02:50:09 279.89 km
02:55:51 288.25 km
03:26:43 328.79 km
03:34:55 343.14 km
03:41:56 355.42 km
03:44:28 359.86 km
03:48:59 367.76 km
03:59:23 388.68 km
04:04:17 400.36 km
04:14:16 420.96 km
04:15:36 421.58 km
04:16:42 422.10 km
04:27:51 433.16 km
04:45:28 457.10 km
04:53:34 475.19 km
05:01:55 499.34 km
05:05:48 510.79 km
05:30:13 565.83 km
05:32:53 573.56 km
05:34:48 579.12 km
05:50:24 622.48 km
06:18:11 651.10 km
06:31:11 669.25 km
06:39:56 681.77 km
06:59:37 699.12 km
07:04:58 706.25 km
07:12:52 716.78 km
07:28:08 746.55 km
07:29:07 747.81 km
07:39:05 762.41 km
07:41:44 767.18 km
07:42:01 767.69 km
07:43:20 770.06 km
07:50:58 784.18 km
08:09:12 809.97 km
08:20:50 825.53 km
08:40:21 860.14 km
08:47:44 880.57 km
08:59:27 904.81 km
09:05:55 922.17 km
09:21:55 953.01 km
09:39:04 987.18 km
09:49:22 1013.47 km
09:59:14 1033.10 km
10:06:47 1039.64 km
10:15:49 1045.98 km
10:51:41 1090.07 km
10:59:43 1101.45 km
11:01:21 1104.09 km
11:18:53 1124.56 km
11:22:06 1127.13 km
11:24:29 1129.04 km
11:31:43 1134.83 km
11:34:58 1137.43 km
11:41:01 1142.27 km
11:41:19 1142.51 km
11:50:02 1151.36 km
12:01:05 1171.89 km
12:07:46 1186.21 km
12:13:52 1199.53 km
12:16:08 1204.47 km
12:16:49 1205.97 km
12:29:00 1234.28 km
12:42:02 1262.57 km
12:50:18 1286.82 km
13:05:15 1317.45 km
13:14:34 1328.01 km
13:16:11 1330.00 km
13:33:02 1349.44 km
13:34:12 1351.42 km
13:36:17 1354.96 km
13:40:06 1361.45 km
13:47:20 1373.75 km
13:48:48 1376.24 km
13:56:10 1388.76 km
14:13:17 1407.77 km
14:17:09 1410.03 km
14:20:50 1412.18 km
14:20:59 1412.27 km
14:45:20 1449.52 km
14:49:23 1460.79 km
14:55:54 1478.93 km
15:01:10 1486.53 km
15:02:29 1486.55 km
15:22:38 1502.45 km
15:47:39 1539.07 km
16:23:28 1610.46 km
16:24:18 1612.52 km
16:43:13 1659.87 km
16:46:38 1665.11 km
16:49:05 1668.87 km
16:56:09 1676.88 km
17:08:31 1684.81 km
17:16:20 1687.93 km
17:21:26 1689.97 km
17:28:46 1692.91 km
17:50:29 1719.07 km
18:11:26 1766.44 km
18:16:24 1772.02 km
18:20:52 1775.37 km
18:34:11 1795.04 km
18:39:59 1803.06 km
18:47:34 1813.56 km
18:48:59 1815.51 km
19:05:38 1832.14 km
19:07:07 1833.45 km
19:09:16 1835.35 km
19:14:16 1839.77 km
19:38:21 1884.55 km
19:44:26 1888.97 km
20:08:31 1914.94 km
20:14:12 1922.37 km
20:22:25 1931.81 km
20:25:45 1935.65 km
20:32:50 1938.47 km
20:45:30 1953.31 km
20:49:17 1959.93 km
20:51:28 1963.75 km
21:26:29 2011.85 km
21:30:03 2013.99 km
21:30:15 2014.11 km
21:30:54 2014.50 km
21:33:19 2015.95 km
21:33:41 2016.17 km
21:41:52 2039.57 km
21:42:38 2041.97 km
21:46:35 2054.35 km
21:46:39 2054.56 km
21:50:56 2067.98 km
21:53:43 2076.70 km
22:15:49 2128.78 km
22:24:07 2139.77 km
22:25:41 2141.32 km
22:29:04 2145.40 km
22:36:18 2154.80 km
22:41:16 2159.79 km
22:45:21 2164.35 km
22:51:25 2171.42 km
23:03:39 2184.72 km
23:07:10 2188.00 km
23:11:38 2192.17 km
23:15:50 2205.13 km
23:16:58 2208.86 km
23:25:59 2226.64 km
23:27:43 2227.37 km
23:33:06 2232.00 km
23:40:26 2237.13 km
23:53:13 2255.05 km
23:57:28 2261.98 km
24:03:16 2270.48 km
24:06:46 2275.62 km
24:15:05 2287.81 km
24:40:04 2333.38 km
24:47:03 2347.23 km
24:52:22 2352.91 km
24:59:35 2360.60 km
25:01:05 2362.20 km
25:04:41 2366.04 km
25:10:49 2372.59 km
25:30:32 2401.92 km
25:52:14 2416.84 km
25:53:40 2419.20 km
26:12:14 2437.07 km
26:19:45 2440.08 km
26:24:00 2441.78 km
26:31:25 2444.74 km
26:49:09 2464.62 km
26:55:31 2468.87 km
27:05:48 2479.57 km
27:06:00 2479.85 km
27:14:06 2491.05 km
27:16:05 2493.79 km
27:24:17 2505.14 km
27:32:20 2516.27 km
27:50:37 2536.87 km
28:07:56 2566.67 km
28:14:04 2583.15 km
28:23:32 2612.25 km
28:25:50 2619.15 km
28:26:49 2622.10 km
28:48:43 2661.15 km
29:07:30 2692.55 km
29:09:31 2698.27 km
29:13:58 2710.88 km
29:21:06 2731.09 km
29:32:37 2760.86 km
29:35:00 2765.74 km
29:42:21 2780.81 km
29:47:30 2791.37 km
29:59:34 2817.11 km
30:16:34 2864.51 km
30:40:31 2904.22 km
30:46:40 2917.64 km
30:50:11 2921.89 km
31:07:31 2931.48 km
31:18:08 2952.19 km
31:30:41 2972.91 km
31:36:24 2978.44 km
31:47:18 3001.15 km
32:14:46 3050.36 km
32:19:44 3058.48 km
32:28:04 3072.09 km
32:41:03 3105.39 km
32:44:38 3114.63 km
32:45:31 3116.17 km
32:51:43 3131.78 km
32:57:21 3142.84 km
32:59:40 3144.50 km
33:03:02 3146.91 km
33:07:21 3150.01 km
