00:13:12 17.76 km
00:19:31 30.06 km
00:27:43 33.19 km
00:33:42 37.84 km
00:40:12 48.46 km
00:41:14 50.14 km
00:48:24 61.85 km
00:50:45 65.69 km
00:58:02 77.58 km
01:01:14 82.81 km
01:07:55 93.73 km
01:18:07 105.43 km
01:28:04 114.88 km
01:33:04 121.13 km
01:35:48 124.55 km
01:49:53 137.69 km
01:55:29 140.03 km
02:03:38 141.93 km
02:08:16 143.01 km
02:15:55 144.80 km
02:22:49 146.78 km
02:24:45 148.01 km
02:27:29 149.74 km
02:32:35 152.97 km
02:44:09 179.25 km
02:48:50 186.69 km
03:01:39 205.53 km
03:07:23 221.78 km
03:14:46 230.92 km
03:22:53 232.82 km
03:28:03 234.02 km
03:37:42 248.73 km
03:42:02 256.53 km
03:51:50 269.46 km
04:13:54 300.32 km
04:14:15 301.33 km
04:17:59 312.10 km
04:24:09 329.88 km
04:31:57 352.37 km
04:45:15 380.59 km
04:52:10 396.40 km
04:58:24 415.20 km
05:06:32 439.74 km
05:13:57 462.11 km
05:33:56 489.31 km
05:42:55 501.56 km
05:49:13 509.90 km
05:52:14 513.85 km
06:03:09 526.18 km
06:25:18 552.70 km
06:26:05 553.17 km
06:33:51 557.83 km
06:52:46 592.01 km
07:02:11 615.13 km
07:13:39 646.91 km
07:21:03 662.70 km
07:27:47 677.06 km
07:46:41 708.97 km
07:53:43 715.07 km
07:59:53 720.41 km
08:16:09 745.00 km
08:18:41 748.97 km
08:26:44 761.58 km
08:32:53 771.22 km
08:48:22 801.28 km
09:02:18 807.77 km
09:08:20 807.77 km
09:09:19 810.72 km
09:15:49 831.62 km
09:23:19 855.75 km
09:33:02 879.64 km
09:43:37 895.11 km
10:04:17 926.97 km
10:14:25 951.86 km
10:19:47 966.08 km
10:27:37 986.84 km
10:30:26 994.31 km
11:00:35 1040.49 km
11:09:26 1056.79 km
11:59:23 1132.51 km
12:05:46 1145.86 km
12:31:33 1174.45 km
12:34:55 1176.52 km
12:38:20 1178.40 km
12:41:45 1180.28 km
12:46:12 1182.73 km
13:00:51 1191.33 km
13:01:07 1192.15 km
13:37:46 1261.81 km
13:39:05 1264.86 km
13:42:42 1273.24 km
13:42:49 1273.51 km
13:48:23 1286.40 km
14:00:54 1313.59 km
14:22:52 1347.06 km
14:29:22 1348.36 km
14:47:17 1389.70 km
15:06:59 1404.15 km
15:19:09 1424.85 km
15:44:55 1460.22 km
15:46:06 1461.52 km
15:49:22 1465.12 km
15:54:10 1471.29 km
16:42:32 1532.85 km
16:46:30 1536.75 km
16:55:32 1545.46 km
17:02:12 1552.80 km
17:14:51 1566.83 km
17:18:08 1567.82 km
17:21:50 1573.08 km
17:28:19 1593.18 km
17:29:04 1595.51 km
17:36:23 1618.19 km
