00:07:25 0.00 km
00:14:56 0.00 km
00:20:06 0.50 km
00:31:13 17.86 km
00:39:54 37.22 km
01:06:38 92.97 km
01:14:36 112.49 km
01:15:26 114.53 km
01:19:22 124.17 km
01:19:30 124.50 km
01:20:21 126.58 km
01:27:14 143.44 km
01:35:29 156.06 km
01:35:59 156.24 km
01:46:42 160.46 km
02:03:27 187.24 km
02:04:03 188.01 km
02:15:09 216.24 km
02:27:04 242.03 km
02:34:52 250.09 km
02:43:32 260.74 km
02:44:11 261.57 km
02:58:00 272.46 km
03:03:03 279.79 km
03:05:51 283.85 km
03:07:14 285.85 km
03:10:14 290.20 km
03:15:42 298.13 km
03:24:27 313.24 km
03:28:26 316.00 km
03:30:15 316.57 km
03:44:11 347.06 km
03:50:23 348.92 km
03:53:53 352.04 km
04:03:40 379.56 km
04:25:07 411.13 km
04:29:11 411.95 km
04:30:07 414.35 km
04:51:55 436.33 km
04:53:53 437.88 km
04:59:22 448.66 km
05:04:38 459.20 km
05:06:16 462.39 km
05:13:43 476.91 km
05:20:54 490.92 km
05:24:50 498.59 km
05:27:19 503.43 km
05:28:36 505.94 km
05:34:16 516.99 km
05:40:30 529.14 km
05:40:41 529.50 km
05:54:53 552.18 km
05:58:56 558.86 km
06:11:45 579.82 km
06:12:51 581.60 km
06:23:58 601.47 km
06:29:59 612.70 km
06:35:17 622.60 km
06:35:37 623.22 km
06:38:58 629.47 km
06:39:24 630.28 km
06:42:00 635.13 km
06:55:14 666.21 km
06:57:56 674.62 km
07:26:16 730.10 km
07:31:38 731.71 km
07:39:06 733.95 km
07:46:39 738.96 km
07:50:19 745.36 km
07:58:35 759.55 km
08:01:57 764.19 km
08:11:12 774.12 km
08:16:53 780.37 km
08:24:46 792.25 km
08:28:23 800.74 km
08:31:49 805.14 km
08:34:39 808.78 km
08:42:32 818.90 km
08:50:48 829.51 km
09:11:52 861.47 km
10:01:22 946.23 km
10:08:11 953.96 km
10:09:17 955.21 km
10:16:32 963.42 km
10:22:53 970.62 km
10:35:11 979.24 km
10:43:10 979.78 km
10:48:57 980.16 km
10:57:10 980.71 km
11:14:53 985.68 km
