9 words
3 a
2 b
4 c
1 d
1 f
1 h
1 i
1 j
3 k
1 o
3 q
3 r
1 s
2 t
1 w
3 x
3 y
2 z
