10 words
3 b
1 c
3 d
1 e
1 f
2 g
5 h
1 i
4 j
1 k
1 l
2 m
1 n
2 o
2 p
3 q
2 r
2 s
4 t
3 u
1 v
1 w
2 x
2 y
1 z
