15 words
7 a
3 b
3 c
3 d
4 e
4 g
1 h
7 i
2 j
2 k
4 l
3 m
2 n
2 o
2 p
2 q
2 r
3 s
4 t
1 u
4 v
4 w
1 x
2 y
2 z
