7 words
1 a
1 b
5 c
3 d
2 e
3 f
2 g
2 h
2 i
1 j
5 k
4 l
2 m
1 n
2 o
1 p
2 q
2 r
2 s
1 t
3 u
1 v
3 w
2 x
1 y
2 z
