13 words
2 a
6 b
2 c
1 d
4 e
2 f
2 g
2 h
1 i
3 j
4 k
4 l
3 m
2 n
2 o
3 p
3 q
4 r
1 s
2 t
1 u
2 v
3 w
2 x
3 y
1 z
