X
XXXXXXXXXXXXXXXXXX
XXXXXYYYYYYYY
XXXYYYY
XXXXYYY
     
  
  
  
XXXXXXXXXXXXXXXXXXXX
X                  X
X                  X
XXXXXXXXXXXXXXXXXXXX
ABCDEFGHIJKLMNOPQRSTUVWXYZ*
******************
XXXXXXXXX
        X
X XXXXX X
X X     X
XXX XXXXX
XX   X  X
XX X   XX
XX  XX  X
XXX*XXXXX
