 o o o o o o o o o o o o
l l l l l l l l l l l l l
