7199
7653
172
2761
5336
3268
3341
7570
5984
1969
6488
5275
93
108
1475
24
490
7167
5640
9738
6226
5674
4084
2709
1342
1369
2201
2633
4544
265
5514
5605
1726
1044
6209
2683
1886
7336
590
3194
804
7225
363
3241
1341
7935
3396
465
3147
7924
3591
4617
1568
329
3711
2905
2164
1083
1872
3614
3685
5371
1047
3004
4443
1516
1988
6338
3734
4088
394
6411
2154
122
7383
112
829
6008
4655
4296
726
3388
135
398
6670
297
6397
8315
4823
7860
5540
1031
1324
9820
2645
2779
7399
3548
4228
3657
