HT4L
ae5o
ls6l
lt7
oi l
 n o
hg l
e
i1 l
m2 o
u3 l
r
!
