Balanced
Balanced
Balanced
Balanced
Not Balanced
Not Balanced
Not Balanced
Not Balanced
Not Balanced
Balanced
