464
432
849
264
460
454
101
925
695
335
153
334
998
154
37
919
17
678
321
256
811
34
870
705
551
401
840
846
183
172
749
503
119
152
612
912
858
157
259
219
398
499
512
963
924
241
626
261
25
969
656
310
70
140
197
96
620
899
481
946
413
68
161
130
589
768
908
702
317
457
406
803
270
675
601
399
113
83
702
255
227
359
539
147
855
307
376
843
139
501
557
487
325
47
779
860
208
414
795
680
42
