533
743
367
879
389
844
147
978
534
327
998
851
399
672
564
42
