Move from A to B
Move from A to C
Move from B to C
