1 x 500 kr.
1 x 50 kr.
4 x 10 kr.
1 x 5 kr.
4 x 1 kr.
