1 x 5000 kr.
1 x 500 kr.
1 x 100 kr.
4 x 10 kr.
3 x 1 kr.
