3 x 5000 kr.
2 x 100 kr.
1 x 50 kr.
1 x 5 kr.
2 x 1 kr.
