Hann á afmæli í dag,
hann á afmæli í dag.
Hann á afmæli hann Andri,
hann á afmæli í dag.

Hann er 98 ára í dag,
hann er 98 ára í dag.
Hann er 98 ára hann Andri,
hann er 98 ára í dag.
