Hann á afmæli í dag,
hann á afmæli í dag.
Hann á afmæli hann Bjarni,
hann á afmæli í dag.

Hann er 4 ára í dag,
hann er 4 ára í dag.
Hann er 4 ára hann Bjarni,
hann er 4 ára í dag.
