Hún á afmæli í dag,
hún á afmæli í dag.
Hún á afmæli hún Elsa,
hún á afmæli í dag.

Hún er 42 ára í dag,
hún er 42 ára í dag.
Hún er 42 ára hún Elsa,
hún er 42 ára í dag.
