Hann á afmæli í dag,
hann á afmæli í dag.
Hann á afmæli hann Sveinn,
hann á afmæli í dag.

Hann er 13 ára í dag,
hann er 13 ára í dag.
Hann er 13 ára hann Sveinn,
hann er 13 ára í dag.
