Hún á afmæli í dag,
hún á afmæli í dag.
Hún á afmæli hún Gunna,
hún á afmæli í dag.

Hún er 16 ára í dag,
hún er 16 ára í dag.
Hún er 16 ára hún Gunna,
hún er 16 ára í dag.
